[INFO] Scanning for projects...
[INFO] 
[INFO] ------------------------< com.example:Academy >-------------------------
[INFO] Building Academy 0.0.1-SNAPSHOT
[INFO]   from pom.xml
[INFO] --------------------------------[ war ]---------------------------------
[INFO] 
[INFO] --- resources:3.3.1:resources (default-resources) @ Academy ---
[INFO] Copying 1 resource from src\main\resources to target\classes
[INFO] Copying 0 resource from src\main\resources to target\classes
[INFO] 
[INFO] --- compiler:3.14.1:compile (default-compile) @ Academy ---
[INFO] Recompiling the module because of changed source code.
[INFO] Compiling 68 source files with javac [debug parameters release 17] to target\classes
[INFO] /C:/Users/SAI RAVI TEJA/Downloads/Academy-main-main/Academy-main-main/src/main/java/com/example/Academy/security/JwtAuthenticationFilter.java: C:\Users\SAI RAVI TEJA\Downloads\Academy-main-main\Academy-main-main\src\main\java\com\example\Academy\security\JwtAuthenticationFilter.java uses or overrides a deprecated API.
[INFO] /C:/Users/SAI RAVI TEJA/Downloads/Academy-main-main/Academy-main-main/src/main/java/com/example/Academy/security/JwtAuthenticationFilter.java: Recompile with -Xlint:deprecation for details.
[INFO] ------------------------------------------------------------------------
[INFO] BUILD SUCCESS
[INFO] ------------------------------------------------------------------------
[INFO] Total time:  3.836 s
[INFO] Finished at: 2026-02-09T14:47:22+05:30
[INFO] ------------------------------------------------------------------------
